Microchip MPLAB XC8 Compiler V1.45 ()

Linker command line:

-W-3 --edf=C:\Program Files (x86)\Microchip\xc8\v1.45\dat\en_msgs.txt -cs \
  -h+dist/default/production\LED_WAND_new_way.X.production.sym \
  --cmf=dist/default/production\LED_WAND_new_way.X.production.cmf -z \
  -Q16F690 -oC:\Users\SUKHAS~1\AppData\Local\Temp\s664.2 \
  -Mdist/default/production/LED_WAND_new_way.X.production.map -E1 -ver=XC8 \
  -ASTACK=0120h-016fh -pstack=STACK -ACODE=00h-07FFhx2 -ASTRCODE=00h-0FFFh \
  -ASTRING=00h-0FFhx16 -ACONST=00h-0FFhx16 -AENTRY=00h-0FFhx16 \
  -ACOMMON=070h-07Fh -ABANK0=020h-06Fh -ABANK1=0A0h-0EFh \
  -ABANK2=0120h-016Fh -ARAM=020h-06Fh,0A0h-0EFh,0120h-016Fh \
  -AABS1=020h-07Fh,0A0h-0EFh,0120h-016Fh -ASFR0=00h-01Fh -ASFR1=080h-09Fh \
  -ASFR2=0100h-011Fh -ASFR3=0180h-01EFh \
  -preset_vec=00h,intentry=04h,init,end_init -ppowerup=CODE -pcinit=CODE \
  -pfunctab=ENTRY -ACONFIG=02007h-02007h -pconfig=CONFIG -DCONFIG=2 \
  -AIDLOC=02000h-02003h -pidloc=IDLOC -DIDLOC=2 -AEEDATA=00h-0FFh/02100h \
  -peeprom_data=EEDATA -DEEDATA=2 -DCODE=2 -DSTRCODE=2 -DSTRING=2 -DCONST=2 \
  -DENTRY=2 -k C:\Users\SUKHAS~1\AppData\Local\Temp\s664.obj \
  dist/default/production\LED_WAND_new_way.X.production.obj 

Object code version is 3.11

Machine type is 16F690



                Name                               Link     Load   Length Selector   Space Scale
C:\Users\SUKHAS~1\AppData\Local\Temp\s664.obj
                end_init                             11       11        2        8       0
                reset_vec                             0        0        2        0       0
                config                             2007     2007        1     400E       0
dist/default/production\LED_WAND_new_way.X.production.obj
                cinit                                13       13       17        8       0
                intentry                              4        4        D        8       0
                text9                               4EA      4EA       6C        8       0
                text8                               5E5      5E5       20        8       0
                text7                               313      313       B7        8       0
                text6                               241      241       D2        8       0
                text5                               45C      45C       8E        8       0
                text4                               3CA      3CA       92        8       0
                text3                                2A       2A      217        8       0
                text2                               605      605       1A        8       0
                text1                               5B4      5B4       31        8       0
                maintext                            556      556       5E        8       0
                cstackBANK0                          20       20       34       20       1
                cstackCOMMON                         70       70        E       70       1
                cstackBANK1                          D0       D0        8       A0       1
                clrtext                             61F      61F        8        8       0
                dataBANK1                            DA       DA        2       A0       1
                bssBANK1                             A0       A0       30       A0       1
                bssBANK0                             54       54        2       20       1
                nvBANK1                              D8       D8        2       A0       1
                idataBANK1                          627      627        2        8       0

TOTAL           Name                               Link     Load   Length     Space
        CLASS   STACK          

        CLASS   CODE           
                end_init                             11       11        2         0
                cinit                                13       13       17         0
                intentry                              4        4        D         0
                reset_vec                             0        0        2         0
                text9                               4EA      4EA       6C         0
                text8                               5E5      5E5       20         0
                text7                               313      313       B7         0
                text6                               241      241       D2         0
                text5                               45C      45C       8E         0
                text4                               3CA      3CA       92         0
                text3                                2A       2A      217         0
                text2                               605      605       1A         0
                text1                               5B4      5B4       31         0
                maintext                            556      556       5E         0
                clrtext                             61F      61F        8         0
                idataBANK1                          627      627        2         0

        CLASS   STRCODE        

        CLASS   STRING         

        CLASS   CONST          

        CLASS   ENTRY          

        CLASS   COMMON         
                cstackCOMMON                         70       70        E         1

        CLASS   BANK0          
                cstackBANK0                          20       20       34         1
                bssBANK0                             54       54        2         1

        CLASS   BANK1          
                cstackBANK1                          D0       D0        8         1
                dataBANK1                            DA       DA        2         1
                bssBANK1                             A0       A0       30         1
                nvBANK1                              D8       D8        2         1

        CLASS   BANK2          

        CLASS   RAM            

        CLASS   ABS1           
                abs_s1                               7E       7E        2         1

        CLASS   SFR0           

        CLASS   SFR1           

        CLASS   SFR2           

        CLASS   SFR3           

        CLASS   CONFIG         
                config                             2007     2007        1         0

        CLASS   IDLOC          

        CLASS   EEDATA         

        CLASS   BANK3          



SEGMENTS        Name                           Load    Length   Top    Selector   Space  Class     Delta

                reset_vec                      000000  000002  000002         0       0  CODE        2
                intentry                       000004  000625  000629         8       0  CODE        2
                cstackBANK0                    000020  000036  000056        20       1  BANK0       1
                cstackCOMMON                   000070  00000E  00007E        70       1  COMMON      1
                bssBANK1                       0000A0  00003C  0000DC        A0       1  BANK1       1
                config                         002007  000001  002008      400E       0  CONFIG      2


UNUSED ADDRESS RANGES

        Name                Unused          Largest block    Delta
        BANK0            0056-006F             1A           1
        BANK1            00DC-00EF             14           1
        BANK2            0120-016F             50           1
        CODE             0002-0003              2           2
                         0629-0FFF            1D7
        CONST            0002-0003              2           2
                         0629-0FFF            100
        EEDATA           2100-21FF            100           2
        ENTRY            0002-0003              2           2
                         0629-0FFF            100
        IDLOC            2000-2003              4           2
        RAM              0056-006F             1A           1
                         00DC-00EF             14
                         0120-016F             50
        SFR0             0000-001F             20           1
        SFR1             0080-009F             20           1
        SFR2             0100-011F             20           1
        SFR3             0180-01EF             70           1
        STACK            0120-016F             50           1
        STRCODE          0002-0003              2           2
                         0629-0FFF            9D7
        STRING           0002-0003              2           2
                         0629-0FFF            100

                                  Symbol Table

?___awtoft                                           cstackCOMMON 0078
?___ftdiv                                            cstackBANK0  0030
?___ftmul                                            cstackBANK0  0020
?___ftpack                                           cstackCOMMON 0070
?___fttol                                            cstackBANK0  0040
ISR@duration                                         cstackBANK0  0052
_ANSEL                                               (abs)        011E
_ANSELH                                              (abs)        011F
_CM1CON0                                             (abs)        0119
_CM1CON0bits                                         (abs)        0119
_INTCONbits                                          (abs)        000B
_ISR                                                 text4        03CA
_PIE2bits                                            (abs)        008D
_PIR2bits                                            (abs)        000D
_PORTC                                               (abs)        0007
_T1CON                                               (abs)        0010
_T1CONbits                                           (abs)        0010
_TMR1H                                               (abs)        000F
_TMR1L                                               (abs)        000E
_TRISAbits                                           (abs)        0085
_TRISC                                               (abs)        0087
_VRCON                                               (abs)        0118
__CFG_BOREN$OFF                                      (abs)        0000
__CFG_FOSC$INTRCIO                                   (abs)        0000
__CFG_MCLRE$OFF                                      (abs)        0000
__CFG_WDTE$OFF                                       (abs)        0000
__Habs1                                              abs1         0000
__Hbank0                                             bank0        0000
__Hbank1                                             bank1        0000
__Hbank2                                             bank2        0000
__Hbank3                                             bank3        0000
__HbssBANK0                                          bssBANK0     0000
__HbssBANK1                                          bssBANK1     0000
__Hcinit                                             cinit        002A
__Hclrtext                                           clrtext      0000
__Hcode                                              code         0000
__Hcommon                                            common       0000
__Hconfig                                            config       2008
__HcstackBANK0                                       cstackBANK0  0000
__HcstackBANK1                                       cstackBANK1  0000
__HcstackCOMMON                                      cstackCOMMON 0000
__HdataBANK1                                         dataBANK1    0000
__Heeprom_data                                       eeprom_data  0000
__Hend_init                                          end_init     0013
__Hfunctab                                           functab      0000
__HidataBANK1                                        idataBANK1   0000
__Hidloc                                             idloc        0000
__Hinit                                              init         0011
__Hintentry                                          intentry     0011
__Hmaintext                                          maintext     0000
__HnvBANK1                                           nvBANK1      0000
__Hpowerup                                           powerup      0000
__Hram                                               ram          0000
__Hreset_vec                                         reset_vec    0002
__Hsfr0                                              sfr0         0000
__Hsfr1                                              sfr1         0000
__Hsfr2                                              sfr2         0000
__Hsfr3                                              sfr3         0000
__Hspace_0                                           (abs)        2008
__Hspace_1                                           (abs)        00DC
__Hspace_2                                           (abs)        0000
__Hspace_3                                           (abs)        0000
__Hstack                                             stack        0000
__Hstrings                                           strings      0000
__Htext                                              text         0000
__Labs1                                              abs1         0000
__Lbank0                                             bank0        0000
__Lbank1                                             bank1        0000
__Lbank2                                             bank2        0000
__Lbank3                                             bank3        0000
__LbssBANK0                                          bssBANK0     0000
__LbssBANK1                                          bssBANK1     0000
__Lcinit                                             cinit        0013
__Lclrtext                                           clrtext      0000
__Lcode                                              code         0000
__Lcommon                                            common       0000
__Lconfig                                            config       2007
__LcstackBANK0                                       cstackBANK0  0000
__LcstackBANK1                                       cstackBANK1  0000
__LcstackCOMMON                                      cstackCOMMON 0000
__LdataBANK1                                         dataBANK1    0000
__Leeprom_data                                       eeprom_data  0000
__Lend_init                                          end_init     0011
__Lfunctab                                           functab      0000
__LidataBANK1                                        idataBANK1   0000
__Lidloc                                             idloc        0000
__Linit                                              init         0011
__Lintentry                                          intentry     0004
__Lmaintext                                          maintext     0000
__LnvBANK1                                           nvBANK1      0000
__Lpowerup                                           powerup      0000
__Lram                                               ram          0000
__Lreset_vec                                         reset_vec    0000
__Lsfr0                                              sfr0         0000
__Lsfr1                                              sfr1         0000
__Lsfr2                                              sfr2         0000
__Lsfr3                                              sfr3         0000
__Lspace_0                                           (abs)        0000
__Lspace_1                                           (abs)        0000
__Lspace_2                                           (abs)        0000
__Lspace_3                                           (abs)        0000
__Lstack                                             stack        0000
__Lstrings                                           strings      0000
__Ltext                                              text         0000
__S0                                                 (abs)        2008
__S1                                                 (abs)        00DC
__S2                                                 (abs)        0000
__S3                                                 (abs)        0000
___awtoft                                            text8        05E5
___awtoft@c                                          cstackCOMMON 0078
___awtoft@sign                                       cstackCOMMON 007D
___ftdiv                                             text7        0313
___ftdiv@cntr                                        cstackBANK0  003A
___ftdiv@exp                                         cstackBANK0  003E
___ftdiv@f1                                          cstackBANK0  0033
___ftdiv@f2                                          cstackBANK0  0030
___ftdiv@f3                                          cstackBANK0  003B
___ftdiv@sign                                        cstackBANK0  003F
___ftmul                                             text6        0241
___ftmul@cntr                                        cstackBANK0  002E
___ftmul@exp                                         cstackBANK0  002A
___ftmul@f1                                          cstackBANK0  0020
___ftmul@f2                                          cstackBANK0  0023
___ftmul@f3_as_product                               cstackBANK0  002B
___ftmul@sign                                        cstackBANK0  002F
___ftpack                                            text9        04EA
___ftpack@arg                                        cstackCOMMON 0070
___ftpack@exp                                        cstackCOMMON 0073
___ftpack@sign                                       cstackCOMMON 0074
___fttol                                             text5        045C
___fttol@exp1                                        cstackBANK0  004D
___fttol@f1                                          cstackBANK0  0040
___fttol@lval                                        cstackBANK0  0049
___fttol@sign1                                       cstackBANK0  0048
___int_sp                                            stack        0000
___latbits                                           (abs)        0001
___sp                                                stack        0000
__end_of_ISR                                         text4        045C
__end_of___awtoft                                    text8        0605
__end_of___ftdiv                                     text7        03CA
__end_of___ftmul                                     text6        0313
__end_of___ftpack                                    text9        0556
__end_of___fttol                                     text5        04EA
__end_of__initialization                             cinit        0027
__end_of_convertMessageStringToSegments              text3        0241
__end_of_delay                                       text2        061F
__end_of_main                                        maintext     05B4
__end_of_runLEDSequence                              text1        05E5
__initialization                                     cinit        0013
__pbssBANK0                                          bssBANK0     0054
__pbssBANK1                                          bssBANK1     00A0
__pcstackBANK0                                       cstackBANK0  0020
__pcstackBANK1                                       cstackBANK1  00D0
__pcstackCOMMON                                      cstackCOMMON 0070
__pdataBANK1                                         dataBANK1    00DA
__pidataBANK1                                        idataBANK1   0627
__pintentry                                          intentry     0004
__pmaintext                                          maintext     0556
__pnvBANK1                                           nvBANK1      00D8
__ptext1                                             text1        05B4
__ptext2                                             text2        0605
__ptext3                                             text3        002A
__ptext4                                             text4        03CA
__ptext5                                             text5        045C
__ptext6                                             text6        0241
__ptext7                                             text7        0313
__ptext8                                             text8        05E5
__ptext9                                             text9        04EA
__size_of_ISR                                        (abs)        0000
__size_of___awtoft                                   (abs)        0000
__size_of___ftdiv                                    (abs)        0000
__size_of___ftmul                                    (abs)        0000
__size_of___ftpack                                   (abs)        0000
__size_of___fttol                                    (abs)        0000
__size_of_convertMessageStringToSegments             (abs)        0000
__size_of_delay                                      (abs)        0000
__size_of_main                                       (abs)        0000
__size_of_runLEDSequence                             (abs)        0000
_convertMessageStringToSegments                      text3        002A
_delay                                               text2        0605
_delayingVariable                                    bssBANK1     00CE
_isSequenceRunning                                   bssBANK1     00CC
_lengthOfMessage                                     bssBANK0     0054
_lengthOfMessageString                               nvBANK1      00D8
_letterSegments                                      bssBANK1     00A0
_main                                                maintext     0556
_messageString                                       bssBANK1     00C3
_runLEDSequence                                      text1        05B4
_timePerSegment                                      dataBANK1    00DA
btemp                                                (abs)        007E
clear_ram0                                           clrtext      061F
convertMessageStringToSegments@i                     cstackBANK1  00D1
convertMessageStringToSegments@indexOfLetterSegments cstackBANK1  00D3
delay@delayTime                                      cstackBANK1  00D0
end_of_initialization                                cinit        0027
interrupt_function                                   intentry     0004
intlevel0                                            functab      0000
intlevel1                                            functab      0000
intlevel2                                            functab      0000
intlevel3                                            functab      0000
intlevel4                                            functab      0000
intlevel5                                            functab      0000
reset_vec                                            reset_vec    0000
runLEDSequence@i                                     cstackBANK1  00D2
saved_w                                              (abs)        007E
stackhi                                              (abs)        0000
stacklo                                              (abs)        0000
start                                                init         0011
start_initialization                                 cinit        0013
wtemp0                                               (abs)        007E


FUNCTION INFORMATION:

 *************** function _main *****************
 Defined at:
		line 40 in file "interrupt_wand.c"
 Parameters:    Size  Location     Type
		None
 Auto vars:     Size  Location     Type
		None
 Return value:  Size  Location     Type
                  2   56[None  ] int 
 Registers used:
		wreg, fsr0l, fsr0h, status,2, status,0, btemp+1, pclath, cstack
 Tracked objects:
		On entry : 
		On exit  : 
		Unchanged: 
 Data sizes:     COMMON   BANK0   BANK1   BANK2
      Params:         0       0       0       0
      Locals:         0       0       0       0
      Temps:          0       0       3       0
      Totals:         0       0       3       0
Total ram usage:        3 bytes
 Hardware stack levels required when called:    5
 This function calls:
		_convertMessageStringToSegments
		_runLEDSequence
 This function is called by:
		Startup code after reset
 This function uses a non-reentrant model


 *************** function _runLEDSequence *****************
 Defined at:
		line 124 in file "interrupt_wand.c"
 Parameters:    Size  Location     Type
		None
 Auto vars:     Size  Location     Type
  i               2    2[BANK1 ] int 
 Return value:  Size  Location     Type
                  1    wreg      void 
 Registers used:
		wreg, fsr0l, fsr0h, status,2, status,0, btemp+1, pclath, cstack
 Tracked objects:
		On entry : 
		On exit  : 
		Unchanged: 
 Data sizes:     COMMON   BANK0   BANK1   BANK2
      Params:         0       0       0       0
      Locals:         0       0       2       0
      Temps:          0       0       0       0
      Totals:         0       0       2       0
Total ram usage:        2 bytes
 Hardware stack levels used:    1
 Hardware stack levels required when called:    4
 This function calls:
		_delay
 This function is called by:
		_main
 This function uses a non-reentrant model


 *************** function _delay *****************
 Defined at:
		line 134 in file "interrupt_wand.c"
 Parameters:    Size  Location     Type
  delayTime       2    0[BANK1 ] int 
 Auto vars:     Size  Location     Type
		None
 Return value:  Size  Location     Type
                  1    wreg      void 
 Registers used:
		wreg, btemp+1
 Tracked objects:
		On entry : 
		On exit  : 
		Unchanged: 
 Data sizes:     COMMON   BANK0   BANK1   BANK2
      Params:         0       0       2       0
      Locals:         0       0       0       0
      Temps:          0       0       0       0
      Totals:         0       0       2       0
Total ram usage:        2 bytes
 Hardware stack levels used:    1
 Hardware stack levels required when called:    3
 This function calls:
		Nothing
 This function is called by:
		_runLEDSequence
 This function uses a non-reentrant model


 *************** function _convertMessageStringToSegments *****************
 Defined at:
		line 138 in file "interrupt_wand.c"
 Parameters:    Size  Location     Type
		None
 Auto vars:     Size  Location     Type
  i               2    1[BANK1 ] int 
  indexOfLette    2    3[BANK1 ] int 
 Return value:  Size  Location     Type
                  1    wreg      void 
 Registers used:
		wreg, fsr0l, fsr0h, status,2, status,0
 Tracked objects:
		On entry : 
		On exit  : 
		Unchanged: 
 Data sizes:     COMMON   BANK0   BANK1   BANK2
      Params:         0       0       0       0
      Locals:         0       0       4       0
      Temps:          0       0       1       0
      Totals:         0       0       5       0
Total ram usage:        5 bytes
 Hardware stack levels used:    1
 Hardware stack levels required when called:    3
 This function calls:
		Nothing
 This function is called by:
		_main
 This function uses a non-reentrant model


 *************** function _ISR *****************
 Defined at:
		line 85 in file "interrupt_wand.c"
 Parameters:    Size  Location     Type
		None
 Auto vars:     Size  Location     Type
  duration        2   50[BANK0 ] int 
 Return value:  Size  Location     Type
                  1    wreg      void 
 Registers used:
		wreg, status,2, status,0, btemp+1, pclath, cstack
 Tracked objects:
		On entry : 
		On exit  : 
		Unchanged: 
 Data sizes:     COMMON   BANK0   BANK1   BANK2
      Params:         0       0       0       0
      Locals:         0       2       0       0
      Temps:          0       4       0       0
      Totals:         0       6       0       0
Total ram usage:        6 bytes
 Hardware stack levels used:    1
 Hardware stack levels required when called:    2
 This function calls:
		___awtoft
		___ftdiv
		___ftmul
		___fttol
 This function is called by:
		Interrupt level 1
 This function uses a non-reentrant model


 *************** function ___fttol *****************
 Defined at:
		line 44 in file "C:\Program Files (x86)\Microchip\xc8\v1.45\sources\common\fttol.c"
 Parameters:    Size  Location     Type
  f1              3   32[BANK0 ] float 
 Auto vars:     Size  Location     Type
  lval            4   41[BANK0 ] unsigned long 
  exp1            1   45[BANK0 ] unsigned char 
  sign1           1   40[BANK0 ] unsigned char 
 Return value:  Size  Location     Type
                  4   32[BANK0 ] long 
 Registers used:
		wreg, status,2, status,0
 Tracked objects:
		On entry : 
		On exit  : 
		Unchanged: 
 Data sizes:     COMMON   BANK0   BANK1   BANK2
      Params:         0       4       0       0
      Locals:         0       6       0       0
      Temps:          0       4       0       0
      Totals:         0      14       0       0
Total ram usage:       14 bytes
 Hardware stack levels used:    1
 This function calls:
		Nothing
 This function is called by:
		_ISR
 This function uses a non-reentrant model


 *************** function ___ftmul *****************
 Defined at:
		line 62 in file "C:\Program Files (x86)\Microchip\xc8\v1.45\sources\common\ftmul.c"
 Parameters:    Size  Location     Type
  f1              3    0[BANK0 ] float 
  f2              3    3[BANK0 ] float 
 Auto vars:     Size  Location     Type
  f3_as_produc    3   11[BANK0 ] unsigned um
  sign            1   15[BANK0 ] unsigned char 
  cntr            1   14[BANK0 ] unsigned char 
  exp             1   10[BANK0 ] unsigned char 
 Return value:  Size  Location     Type
                  3    0[BANK0 ] float 
 Registers used:
		wreg, status,2, status,0, pclath, cstack
 Tracked objects:
		On entry : 
		On exit  : 
		Unchanged: 
 Data sizes:     COMMON   BANK0   BANK1   BANK2
      Params:         0       6       0       0
      Locals:         0       6       0       0
      Temps:          0       4       0       0
      Totals:         0      16       0       0
Total ram usage:       16 bytes
 Hardware stack levels used:    1
 Hardware stack levels required when called:    1
 This function calls:
		___ftpack
 This function is called by:
		_ISR
 This function uses a non-reentrant model


 *************** function ___ftdiv *****************
 Defined at:
		line 56 in file "C:\Program Files (x86)\Microchip\xc8\v1.45\sources\common\ftdiv.c"
 Parameters:    Size  Location     Type
  f2              3   16[BANK0 ] float 
  f1              3   19[BANK0 ] float 
 Auto vars:     Size  Location     Type
  f3              3   27[BANK0 ] float 
  sign            1   31[BANK0 ] unsigned char 
  exp             1   30[BANK0 ] unsigned char 
  cntr            1   26[BANK0 ] unsigned char 
 Return value:  Size  Location     Type
                  3   16[BANK0 ] float 
 Registers used:
		wreg, status,2, status,0, pclath, cstack
 Tracked objects:
		On entry : 
		On exit  : 
		Unchanged: 
 Data sizes:     COMMON   BANK0   BANK1   BANK2
      Params:         0       6       0       0
      Locals:         0       6       0       0
      Temps:          0       4       0       0
      Totals:         0      16       0       0
Total ram usage:       16 bytes
 Hardware stack levels used:    1
 Hardware stack levels required when called:    1
 This function calls:
		___ftpack
 This function is called by:
		_ISR
 This function uses a non-reentrant model


 *************** function ___awtoft *****************
 Defined at:
		line 32 in file "C:\Program Files (x86)\Microchip\xc8\v1.45\sources\common\awtoft.c"
 Parameters:    Size  Location     Type
  c               2    8[COMMON] int 
 Auto vars:     Size  Location     Type
  sign            1   13[COMMON] unsigned char 
 Return value:  Size  Location     Type
                  3    8[COMMON] float 
 Registers used:
		wreg, status,2, status,0, pclath, cstack
 Tracked objects:
		On entry : 
		On exit  : 
		Unchanged: 
 Data sizes:     COMMON   BANK0   BANK1   BANK2
      Params:         3       0       0       0
      Locals:         1       0       0       0
      Temps:          2       0       0       0
      Totals:         6       0       0       0
Total ram usage:        6 bytes
 Hardware stack levels used:    1
 Hardware stack levels required when called:    1
 This function calls:
		___ftpack
 This function is called by:
		_ISR
 This function uses a non-reentrant model


 *************** function ___ftpack *****************
 Defined at:
		line 62 in file "C:\Program Files (x86)\Microchip\xc8\v1.45\sources\common\float.c"
 Parameters:    Size  Location     Type
  arg             3    0[COMMON] unsigned um
  exp             1    3[COMMON] unsigned char 
  sign            1    4[COMMON] unsigned char 
 Auto vars:     Size  Location     Type
		None
 Return value:  Size  Location     Type
                  3    0[COMMON] float 
 Registers used:
		wreg, status,2, status,0
 Tracked objects:
		On entry : 
		On exit  : 
		Unchanged: 
 Data sizes:     COMMON   BANK0   BANK1   BANK2
      Params:         5       0       0       0
      Locals:         0       0       0       0
      Temps:          3       0       0       0
      Totals:         8       0       0       0
Total ram usage:        8 bytes
 Hardware stack levels used:    1
 This function calls:
		Nothing
 This function is called by:
		___awtoft
		___ftdiv
		___ftmul
 This function uses a non-reentrant model



MODULE INFORMATION

Module		Function		Class		Link	Load	Size
C:\Program Files (x86)\Microchip\xc8\v1.45\sources\common\float.c
		___ftpack      		CODE           	04EA	0000	109

C:\Program Files (x86)\Microchip\xc8\v1.45\sources\common\float.c estimated size: 109

interrupt_wand.c
		_convertMessageStringToSegments		CODE           	002A	0000	536
		_delay         		CODE           	0605	0000	27
		_ISR           		CODE           	03CA	0000	147
		_main          		CODE           	0556	0000	95
		_runLEDSequence		CODE           	05B4	0000	50

interrupt_wand.c estimated size: 855

C:\Program Files (x86)\Microchip\xc8\v1.45\sources\common\ftmul.c
		___ftmul       		CODE           	0241	0000	211

C:\Program Files (x86)\Microchip\xc8\v1.45\sources\common\ftmul.c estimated size: 211

C:\Program Files (x86)\Microchip\xc8\v1.45\sources\common\ftdiv.c
		___ftdiv       		CODE           	0313	0000	184

C:\Program Files (x86)\Microchip\xc8\v1.45\sources\common\ftdiv.c estimated size: 184

shared
		__initialization		CODE           	0013	0000	21

shared estimated size: 21

C:\Program Files (x86)\Microchip\xc8\v1.45\sources\common\fttol.c
		___fttol       		CODE           	045C	0000	143

C:\Program Files (x86)\Microchip\xc8\v1.45\sources\common\fttol.c estimated size: 143

C:\Program Files (x86)\Microchip\xc8\v1.45\sources\common\awtoft.c
		___awtoft      		CODE           	05E5	0000	33

C:\Program Files (x86)\Microchip\xc8\v1.45\sources\common\awtoft.c estimated size: 33

