Microchip MPLAB XC8 Compiler V1.45 ()

Linker command line:

-W-3 --edf=C:\Program Files (x86)\Microchip\xc8\v1.45\dat\en_msgs.txt -cs \
  -h+dist/default/production\LED_WAND.X.production.sym \
  --cmf=dist/default/production\LED_WAND.X.production.cmf -z -Q16F690 \
  -oC:\Users\SUKHAS~1\AppData\Local\Temp\sp8.2 \
  -Mdist/default/production/LED_WAND.X.production.map -E1 -ver=XC8 \
  -ASTACK=0A0h-0efh -pstack=STACK -ACODE=00h-07FFhx2 -ASTRCODE=00h-0FFFh \
  -ASTRING=00h-0FFhx16 -ACONST=00h-0FFhx16 -AENTRY=00h-0FFhx16 \
  -ACOMMON=070h-07Fh -ABANK0=020h-06Fh -ABANK1=0A0h-0EFh \
  -ABANK2=0120h-016Fh -ARAM=020h-06Fh,0A0h-0EFh,0120h-016Fh \
  -AABS1=020h-07Fh,0A0h-0EFh,0120h-016Fh -ASFR0=00h-01Fh -ASFR1=080h-09Fh \
  -ASFR2=0100h-011Fh -ASFR3=0180h-01EFh \
  -preset_vec=00h,intentry=04h,init,end_init -ppowerup=CODE -pcinit=CODE \
  -pfunctab=ENTRY -ACONFIG=02007h-02007h -pconfig=CONFIG -DCONFIG=2 \
  -AIDLOC=02000h-02003h -pidloc=IDLOC -DIDLOC=2 -AEEDATA=00h-0FFh/02100h \
  -peeprom_data=EEDATA -DEEDATA=2 -DCODE=2 -DSTRCODE=2 -DSTRING=2 -DCONST=2 \
  -DENTRY=2 -k C:\Users\SUKHAS~1\AppData\Local\Temp\sp8.obj \
  dist/default/production\LED_WAND.X.production.obj 

Object code version is 3.11

Machine type is 16F690



                Name                               Link     Load   Length Selector   Space Scale
C:\Users\SUKHAS~1\AppData\Local\Temp\sp8.obj
                end_init                             11       11        2        8       0
                reset_vec                             0        0        2        0       0
                config                             2007     2007        1     400E       0
dist/default/production\LED_WAND.X.production.obj
                cinit                                13       13       1F        8       0
                intentry                              4        4        D        8       0
                text3                                B0       B0       48        8       0
                text2                               11D      11D       18        8       0
                text1                                F8       F8       25        8       0
                maintext                             32       32       7E        8       0
                cstackBANK0                          47       47        7       20       1
                cstackCOMMON                         76       76        6       70       1
                clrtext                             135      135        8        8       0
                dataBANK0                            4E       4E        4       20       1
                bssBANK0                             20       20       27       20       1
                bssCOMMON                            70       70        6       70       1
                idataBANK0                          13D      13D        4        8       0

TOTAL           Name                               Link     Load   Length     Space
        CLASS   STACK          

        CLASS   CODE           
                end_init                             11       11        2         0
                cinit                                13       13       1F         0
                intentry                              4        4        D         0
                reset_vec                             0        0        2         0
                text3                                B0       B0       48         0
                text2                               11D      11D       18         0
                text1                                F8       F8       25         0
                maintext                             32       32       7E         0
                clrtext                             135      135        8         0
                idataBANK0                          13D      13D        4         0

        CLASS   STRCODE        

        CLASS   STRING         

        CLASS   CONST          

        CLASS   ENTRY          

        CLASS   COMMON         
                cstackCOMMON                         76       76        6         1
                bssCOMMON                            70       70        6         1

        CLASS   BANK0          
                cstackBANK0                          47       47        7         1
                dataBANK0                            4E       4E        4         1
                bssBANK0                             20       20       27         1

        CLASS   BANK1          

        CLASS   BANK2          

        CLASS   RAM            

        CLASS   ABS1           
                abs_s1                               7E       7E        2         1

        CLASS   SFR0           

        CLASS   SFR1           

        CLASS   SFR2           

        CLASS   SFR3           

        CLASS   CONFIG         
                config                             2007     2007        1         0

        CLASS   IDLOC          

        CLASS   EEDATA         

        CLASS   BANK3          



SEGMENTS        Name                           Load    Length   Top    Selector   Space  Class     Delta

                reset_vec                      000000  000002  000002         0       0  CODE        2
                intentry                       000004  00013D  000141         8       0  CODE        2
                bssBANK0                       000020  000032  000052        20       1  BANK0       1
                bssCOMMON                      000070  00000C  00007C        70       1  COMMON      1
                config                         002007  000001  002008      400E       0  CONFIG      2


UNUSED ADDRESS RANGES

        Name                Unused          Largest block    Delta
        BANK0            0052-006F             1E           1
        BANK1            00A0-00EF             50           1
        BANK2            0120-016F             50           1
        CODE             0002-0003              2           2
                         0141-0FFF            6BF
        COMMON           007C-007D              2           1
        CONST            0002-0003              2           2
                         0141-0FFF            100
        EEDATA           2100-21FF            100           2
        ENTRY            0002-0003              2           2
                         0141-0FFF            100
        IDLOC            2000-2003              4           2
        RAM              0052-006F             1E           1
                         00A0-00EF             50
                         0120-016F             50
        SFR0             0000-001F             20           1
        SFR1             0080-009F             20           1
        SFR2             0100-011F             20           1
        SFR3             0180-01EF             70           1
        STACK            00A0-00EF             50           1
        STRCODE          0002-0003              2           2
                         0141-0FFF            EBF
        STRING           0002-0003              2           2
                         0141-0FFF            100

                                  Symbol Table

ISR@duration                 cstackCOMMON 007A
_ANSEL                       (abs)        011E
_ANSELH                      (abs)        011F
_CM1CON0                     (abs)        0119
_CM1CON0bits                 (abs)        0119
_INTCONbits                  (abs)        000B
_ISR                         text3        00B0
_PIE2bits                    (abs)        008D
_PIR2bits                    (abs)        000D
_PORTC                       (abs)        0007
_T1CON                       (abs)        0010
_T1CONbits                   (abs)        0010
_TMR1H                       (abs)        000F
_TMR1L                       (abs)        000E
_TRISAbits                   (abs)        0085
_TRISC                       (abs)        0087
_VRCON                       (abs)        0118
__CFG_BOREN$OFF              (abs)        0000
__CFG_FOSC$INTRCIO           (abs)        0000
__CFG_MCLRE$OFF              (abs)        0000
__CFG_WDTE$OFF               (abs)        0000
__Habs1                      abs1         0000
__Hbank0                     bank0        0000
__Hbank1                     bank1        0000
__Hbank2                     bank2        0000
__Hbank3                     bank3        0000
__HbssBANK0                  bssBANK0     0000
__HbssCOMMON                 bssCOMMON    0000
__Hcinit                     cinit        0032
__Hclrtext                   clrtext      0000
__Hcode                      code         0000
__Hcommon                    common       0000
__Hconfig                    config       2008
__HcstackBANK0               cstackBANK0  0000
__HcstackCOMMON              cstackCOMMON 0000
__HdataBANK0                 dataBANK0    0000
__Heeprom_data               eeprom_data  0000
__Hend_init                  end_init     0013
__Hfunctab                   functab      0000
__HidataBANK0                idataBANK0   0000
__Hidloc                     idloc        0000
__Hinit                      init         0011
__Hintentry                  intentry     0011
__Hmaintext                  maintext     0000
__Hpowerup                   powerup      0000
__Hram                       ram          0000
__Hreset_vec                 reset_vec    0002
__Hsfr0                      sfr0         0000
__Hsfr1                      sfr1         0000
__Hsfr2                      sfr2         0000
__Hsfr3                      sfr3         0000
__Hspace_0                   (abs)        2008
__Hspace_1                   (abs)        007C
__Hspace_2                   (abs)        0000
__Hspace_3                   (abs)        0000
__Hstack                     stack        0000
__Hstrings                   strings      0000
__Htext                      text         0000
__Labs1                      abs1         0000
__Lbank0                     bank0        0000
__Lbank1                     bank1        0000
__Lbank2                     bank2        0000
__Lbank3                     bank3        0000
__LbssBANK0                  bssBANK0     0000
__LbssCOMMON                 bssCOMMON    0000
__Lcinit                     cinit        0013
__Lclrtext                   clrtext      0000
__Lcode                      code         0000
__Lcommon                    common       0000
__Lconfig                    config       2007
__LcstackBANK0               cstackBANK0  0000
__LcstackCOMMON              cstackCOMMON 0000
__LdataBANK0                 dataBANK0    0000
__Leeprom_data               eeprom_data  0000
__Lend_init                  end_init     0011
__Lfunctab                   functab      0000
__LidataBANK0                idataBANK0   0000
__Lidloc                     idloc        0000
__Linit                      init         0011
__Lintentry                  intentry     0004
__Lmaintext                  maintext     0000
__Lpowerup                   powerup      0000
__Lram                       ram          0000
__Lreset_vec                 reset_vec    0000
__Lsfr0                      sfr0         0000
__Lsfr1                      sfr1         0000
__Lsfr2                      sfr2         0000
__Lsfr3                      sfr3         0000
__Lspace_0                   (abs)        0000
__Lspace_1                   (abs)        0000
__Lspace_2                   (abs)        0000
__Lspace_3                   (abs)        0000
__Lstack                     stack        0000
__Lstrings                   strings      0000
__Ltext                      text         0000
__S0                         (abs)        2008
__S1                         (abs)        007C
__S2                         (abs)        0000
__S3                         (abs)        0000
___int_sp                    stack        0000
___latbits                   (abs)        0001
___sp                        stack        0000
__end_of_ISR                 text3        00F8
__end_of__initialization     cinit        002F
__end_of_delay               text2        0135
__end_of_main                maintext     00B0
__end_of_runLEDSequence      text1        011D
__initialization             cinit        0013
__pbssBANK0                  bssBANK0     0020
__pbssCOMMON                 bssCOMMON    0070
__pcstackBANK0               cstackBANK0  0047
__pcstackCOMMON              cstackCOMMON 0076
__pdataBANK0                 dataBANK0    004E
__pidataBANK0                idataBANK0   013D
__pintentry                  intentry     0004
__pmaintext                  maintext     0032
__ptext1                     text1        00F8
__ptext2                     text2        011D
__ptext3                     text3        00B0
__size_of_ISR                (abs)        0000
__size_of_delay              (abs)        0000
__size_of_main               (abs)        0000
__size_of_runLEDSequence     (abs)        0000
_delay                       text2        011D
_delayingVariable            bssCOMMON    0074
_durationOfSwingBackAndForth bssCOMMON    0072
_isSequenceRunning           bssBANK0     0045
_lengthOfMessage             dataBANK0    0050
_letterSegments              bssBANK0     0020
_main                        maintext     0032
_runLEDSequence              text1        00F8
_timePerSegment              dataBANK0    004E
btemp                        (abs)        007E
clear_ram0                   clrtext      0135
delay@delayTime              cstackBANK0  0047
end_of_initialization        cinit        002F
interrupt_function           intentry     0004
intlevel0                    functab      0000
intlevel1                    functab      0000
intlevel2                    functab      0000
intlevel3                    functab      0000
intlevel4                    functab      0000
intlevel5                    functab      0000
reset_vec                    reset_vec    0000
runLEDSequence@i             cstackBANK0  0049
saved_w                      (abs)        007E
stackhi                      (abs)        0000
stacklo                      (abs)        0000
start                        init         0011
start_initialization         cinit        0013
wtemp0                       (abs)        007E


FUNCTION INFORMATION:

 *************** function _main *****************
 Defined at:
		line 46 in file "interrupt_wand.c"
 Parameters:    Size  Location     Type
		None
 Auto vars:     Size  Location     Type
		None
 Return value:  Size  Location     Type
                  2   58[None  ] int 
 Registers used:
		wreg, fsr0l, fsr0h, status,2, status,0, btemp+1, pclath, cstack
 Tracked objects:
		On entry : 
		On exit  : 
		Unchanged: 
 Data sizes:     COMMON   BANK0   BANK1   BANK2
      Params:         0       0       0       0
      Locals:         0       0       0       0
      Temps:          0       3       0       0
      Totals:         0       3       0       0
Total ram usage:        3 bytes
 Hardware stack levels required when called:    3
 This function calls:
		_runLEDSequence
 This function is called by:
		Startup code after reset
 This function uses a non-reentrant model


 *************** function _runLEDSequence *****************
 Defined at:
		line 178 in file "interrupt_wand.c"
 Parameters:    Size  Location     Type
		None
 Auto vars:     Size  Location     Type
  i               2    2[BANK0 ] int 
 Return value:  Size  Location     Type
                  1    wreg      void 
 Registers used:
		wreg, fsr0l, fsr0h, status,2, status,0, btemp+1, pclath, cstack
 Tracked objects:
		On entry : 
		On exit  : 
		Unchanged: 
 Data sizes:     COMMON   BANK0   BANK1   BANK2
      Params:         0       0       0       0
      Locals:         0       2       0       0
      Temps:          0       0       0       0
      Totals:         0       2       0       0
Total ram usage:        2 bytes
 Hardware stack levels used:    1
 Hardware stack levels required when called:    2
 This function calls:
		_delay
 This function is called by:
		_main
 This function uses a non-reentrant model


 *************** function _delay *****************
 Defined at:
		line 196 in file "interrupt_wand.c"
 Parameters:    Size  Location     Type
  delayTime       2    0[BANK0 ] int 
 Auto vars:     Size  Location     Type
		None
 Return value:  Size  Location     Type
                  1    wreg      void 
 Registers used:
		wreg, btemp+1
 Tracked objects:
		On entry : 
		On exit  : 
		Unchanged: 
 Data sizes:     COMMON   BANK0   BANK1   BANK2
      Params:         0       2       0       0
      Locals:         0       0       0       0
      Temps:          0       0       0       0
      Totals:         0       2       0       0
Total ram usage:        2 bytes
 Hardware stack levels used:    1
 Hardware stack levels required when called:    1
 This function calls:
		Nothing
 This function is called by:
		_runLEDSequence
 This function uses a non-reentrant model


 *************** function _ISR *****************
 Defined at:
		line 131 in file "interrupt_wand.c"
 Parameters:    Size  Location     Type
		None
 Auto vars:     Size  Location     Type
  duration        2    4[COMMON] int 
 Return value:  Size  Location     Type
                  1    wreg      void 
 Registers used:
		wreg, status,2, status,0, btemp+1
 Tracked objects:
		On entry : 
		On exit  : 
		Unchanged: 
 Data sizes:     COMMON   BANK0   BANK1   BANK2
      Params:         0       0       0       0
      Locals:         2       0       0       0
      Temps:          4       0       0       0
      Totals:         6       0       0       0
Total ram usage:        6 bytes
 Hardware stack levels used:    1
 This function calls:
		Nothing
 This function is called by:
		Interrupt level 1
 This function uses a non-reentrant model



MODULE INFORMATION

Module		Function		Class		Link	Load	Size
interrupt_wand.c
		_delay         		CODE           	011D	0000	25
		_ISR           		CODE           	00B0	0000	73
		_main          		CODE           	0032	0000	127
		_runLEDSequence		CODE           	00F8	0000	38

interrupt_wand.c estimated size: 263

shared
		__initialization		CODE           	0013	0000	29

shared estimated size: 29

